
   PASS  Tests\Unit\ExampleTest
  Ô£ô that true is true

   FAIL  Tests\Unit\PayrollTest
  Ô¿» inss calculation progressive tiers                                                                           1.06s  
  Ô¿» irrf calculation with deduction                                                                              0.03s  

   PASS  Tests\Feature\Auth\AuthenticationTest
  Ô£ô login screen can be rendered                                                                                 0.17s  
  Ô£ô users can authenticate using the login screen                                                                0.14s  
  Ô£ô users can not authenticate with invalid password                                                             0.29s  
  Ô£ô users can logout                                                                                             0.04s  

   PASS  Tests\Feature\Auth\EmailVerificationTest
  Ô£ô email verification screen can be rendered                                                                    0.06s  
  Ô£ô email can be verified                                                                                        0.05s  
  Ô£ô email is not verified with invalid hash                                                                      0.06s  

   PASS  Tests\Feature\Auth\PasswordConfirmationTest
  Ô£ô confirm password screen can be rendered                                                                      0.06s  
  Ô£ô password can be confirmed                                                                                    0.05s  
  Ô£ô password is not confirmed with invalid password                                                              0.26s  

   PASS  Tests\Feature\Auth\PasswordResetTest
  Ô£ô reset password link screen can be rendered                                                                   0.05s  
  Ô£ô reset password link can be requested                                                                         0.26s  
  Ô£ô reset password screen can be rendered                                                                        0.28s  
  Ô£ô password can be reset with valid token                                                                       0.27s  

   PASS  Tests\Feature\Auth\PasswordUpdateTest
  Ô£ô password can be updated                                                                                      0.08s  
  Ô£ô correct password must be provided to update password                                                         0.05s  

   FAIL  Tests\Feature\Auth\RegistrationTest
  Ô¿» registration screen can be rendered                                                                          0.04s  
  Ô¿» new users can register                                                                                       0.05s  

   FAIL  Tests\Feature\ExampleTest
  Ô¿» the application returns a successful response                                                                0.04s  

   PASS  Tests\Feature\ProfileTest
  Ô£ô profile page is displayed                                                                                    0.07s  
  Ô£ô profile information can be updated                                                                           0.05s  
  Ô£ô email verification status is unchanged when the email address is unchanged                                   0.04s  
  Ô£ô user can delete their account                                                                                0.11s  
  Ô£ô correct password must be provided to delete account                                                          0.18s  
  ÔöÇÔöÇÔöÇÔöÇÔöÇÔöÇÔöÇÔöÇÔöÇÔöÇÔöÇÔöÇÔöÇÔöÇÔöÇÔöÇÔöÇÔöÇÔöÇÔöÇÔöÇÔöÇÔöÇÔöÇÔöÇÔöÇÔöÇÔöÇÔöÇÔöÇÔöÇÔöÇÔöÇÔöÇÔöÇÔöÇÔöÇÔöÇÔöÇÔöÇÔöÇÔöÇÔöÇÔöÇÔöÇÔöÇÔöÇÔöÇÔöÇÔöÇÔöÇÔöÇÔöÇÔöÇÔöÇÔöÇÔöÇÔöÇÔöÇÔöÇÔöÇÔöÇÔöÇÔöÇÔöÇÔöÇÔöÇÔöÇÔöÇÔöÇÔöÇÔöÇÔöÇÔöÇÔöÇÔöÇÔöÇÔöÇÔöÇÔöÇÔöÇÔöÇÔöÇÔöÇÔöÇÔöÇÔöÇÔöÇÔöÇÔöÇÔöÇÔöÇÔöÇÔöÇÔöÇÔöÇÔöÇÔöÇÔöÇÔöÇÔöÇÔöÇÔöÇÔöÇÔöÇÔöÇÔöÇÔöÇÔöÇÔöÇÔöÇÔöÇÔöÇÔöÇÔöÇÔöÇ  
   FAILED  Tests\Unit\PayrollTest > inss calculation progressive tiers                            ReflectionException   
  Method App\Models\Payroll::calculateINSS() does not exist

  at tests\Unit\PayrollTest.php:63
     59Ôûò      */
     60Ôûò     protected function invokeMethod(&$object, $methodName, array $parameters = [])
     61Ôûò     {
     62Ôûò         $reflection = new \ReflectionClass(get_class($object));
  Ô×£  63Ôûò         $method = $reflection->getMethod($methodName);
     64Ôûò         $method->setAccessible(true);
     65Ôûò         return $method->invokeArgs($object, $parameters);
     66Ôûò     }
     67Ôûò }

  1   tests\Unit\PayrollTest.php:63
  2   tests\Unit\PayrollTest.php:24

  ÔöÇÔöÇÔöÇÔöÇÔöÇÔöÇÔöÇÔöÇÔöÇÔöÇÔöÇÔöÇÔöÇÔöÇÔöÇÔöÇÔöÇÔöÇÔöÇÔöÇÔöÇÔöÇÔöÇÔöÇÔöÇÔöÇÔöÇÔöÇÔöÇÔöÇÔöÇÔöÇÔöÇÔöÇÔöÇÔöÇÔöÇÔöÇÔöÇÔöÇÔöÇÔöÇÔöÇÔöÇÔöÇÔöÇÔöÇÔöÇÔöÇÔöÇÔöÇÔöÇÔöÇÔöÇÔöÇÔöÇÔöÇÔöÇÔöÇÔöÇÔöÇÔöÇÔöÇÔöÇÔöÇÔöÇÔöÇÔöÇÔöÇÔöÇÔöÇÔöÇÔöÇÔöÇÔöÇÔöÇÔöÇÔöÇÔöÇÔöÇÔöÇÔöÇÔöÇÔöÇÔöÇÔöÇÔöÇÔöÇÔöÇÔöÇÔöÇÔöÇÔöÇÔöÇÔöÇÔöÇÔöÇÔöÇÔöÇÔöÇÔöÇÔöÇÔöÇÔöÇÔöÇÔöÇÔöÇÔöÇÔöÇÔöÇÔöÇÔöÇÔöÇÔöÇÔöÇÔöÇ  
   FAILED  Tests\Unit\PayrollTest > irrf calculation with deduction                               ReflectionException   
  Method App\Models\Payroll::calculateIRRF() does not exist

  at tests\Unit\PayrollTest.php:63
     59Ôûò      */
     60Ôûò     protected function invokeMethod(&$object, $methodName, array $parameters = [])
     61Ôûò     {
     62Ôûò         $reflection = new \ReflectionClass(get_class($object));
  Ô×£  63Ôûò         $method = $reflection->getMethod($methodName);
     64Ôûò         $method->setAccessible(true);
     65Ôûò         return $method->invokeArgs($object, $parameters);
     66Ôûò     }
     67Ôûò }

  1   tests\Unit\PayrollTest.php:63
  2   tests\Unit\PayrollTest.php:48

  ÔöÇÔöÇÔöÇÔöÇÔöÇÔöÇÔöÇÔöÇÔöÇÔöÇÔöÇÔöÇÔöÇÔöÇÔöÇÔöÇÔöÇÔöÇÔöÇÔöÇÔöÇÔöÇÔöÇÔöÇÔöÇÔöÇÔöÇÔöÇÔöÇÔöÇÔöÇÔöÇÔöÇÔöÇÔöÇÔöÇÔöÇÔöÇÔöÇÔöÇÔöÇÔöÇÔöÇÔöÇÔöÇÔöÇÔöÇÔöÇÔöÇÔöÇÔöÇÔöÇÔöÇÔöÇÔöÇÔöÇÔöÇÔöÇÔöÇÔöÇÔöÇÔöÇÔöÇÔöÇÔöÇÔöÇÔöÇÔöÇÔöÇÔöÇÔöÇÔöÇÔöÇÔöÇÔöÇÔöÇÔöÇÔöÇÔöÇÔöÇÔöÇÔöÇÔöÇÔöÇÔöÇÔöÇÔöÇÔöÇÔöÇÔöÇÔöÇÔöÇÔöÇÔöÇÔöÇÔöÇÔöÇÔöÇÔöÇÔöÇÔöÇÔöÇÔöÇÔöÇÔöÇÔöÇÔöÇÔöÇÔöÇÔöÇÔöÇÔöÇÔöÇÔöÇÔöÇÔöÇ  
   FAILED  Tests\Feature\Auth\RegistrationTest > registration screen can be rendered                                    
  Expected response status code [200] but received 404.
Failed asserting that 404 is identical to 200.

  at tests\Feature\Auth\RegistrationTest.php:16
     12Ôûò     public function test_registration_screen_can_be_rendered(): void
     13Ôûò     {
     14Ôûò         $response = $this->get('/register');
     15Ôûò 
  Ô×£  16Ôûò         $response->assertStatus(200);
     17Ôûò     }
     18Ôûò 
     19Ôûò     public function test_new_users_can_register(): void
     20Ôûò     {

  ÔöÇÔöÇÔöÇÔöÇÔöÇÔöÇÔöÇÔöÇÔöÇÔöÇÔöÇÔöÇÔöÇÔöÇÔöÇÔöÇÔöÇÔöÇÔöÇÔöÇÔöÇÔöÇÔöÇÔöÇÔöÇÔöÇÔöÇÔöÇÔöÇÔöÇÔöÇÔöÇÔöÇÔöÇÔöÇÔöÇÔöÇÔöÇÔöÇÔöÇÔöÇÔöÇÔöÇÔöÇÔöÇÔöÇÔöÇÔöÇÔöÇÔöÇÔöÇÔöÇÔöÇÔöÇÔöÇÔöÇÔöÇÔöÇÔöÇÔöÇÔöÇÔöÇÔöÇÔöÇÔöÇÔöÇÔöÇÔöÇÔöÇÔöÇÔöÇÔöÇÔöÇÔöÇÔöÇÔöÇÔöÇÔöÇÔöÇÔöÇÔöÇÔöÇÔöÇÔöÇÔöÇÔöÇÔöÇÔöÇÔöÇÔöÇÔöÇÔöÇÔöÇÔöÇÔöÇÔöÇÔöÇÔöÇÔöÇÔöÇÔöÇÔöÇÔöÇÔöÇÔöÇÔöÇÔöÇÔöÇÔöÇÔöÇÔöÇÔöÇÔöÇÔöÇÔöÇÔöÇ  
   FAILED  Tests\Feature\Auth\RegistrationTest > new users can register                                                 
  The user is not authenticated
Failed asserting that false is true.

  at tests\Feature\Auth\RegistrationTest.php:28
     24Ôûò             'password' => 'password',
     25Ôûò             'password_confirmation' => 'password',
     26Ôûò         ]);
     27Ôûò 
  Ô×£  28Ôûò         $this->assertAuthenticated();
     29Ôûò         $response->assertRedirect(route('dashboard', absolute: false));
     30Ôûò     }
     31Ôûò }
     32Ôûò

  ÔöÇÔöÇÔöÇÔöÇÔöÇÔöÇÔöÇÔöÇÔöÇÔöÇÔöÇÔöÇÔöÇÔöÇÔöÇÔöÇÔöÇÔöÇÔöÇÔöÇÔöÇÔöÇÔöÇÔöÇÔöÇÔöÇÔöÇÔöÇÔöÇÔöÇÔöÇÔöÇÔöÇÔöÇÔöÇÔöÇÔöÇÔöÇÔöÇÔöÇÔöÇÔöÇÔöÇÔöÇÔöÇÔöÇÔöÇÔöÇÔöÇÔöÇÔöÇÔöÇÔöÇÔöÇÔöÇÔöÇÔöÇÔöÇÔöÇÔöÇÔöÇÔöÇÔöÇÔöÇÔöÇÔöÇÔöÇÔöÇÔöÇÔöÇÔöÇÔöÇÔöÇÔöÇÔöÇÔöÇÔöÇÔöÇÔöÇÔöÇÔöÇÔöÇÔöÇÔöÇÔöÇÔöÇÔöÇÔöÇÔöÇÔöÇÔöÇÔöÇÔöÇÔöÇÔöÇÔöÇÔöÇÔöÇÔöÇÔöÇÔöÇÔöÇÔöÇÔöÇÔöÇÔöÇÔöÇÔöÇÔöÇÔöÇÔöÇÔöÇÔöÇÔöÇÔöÇÔöÇ  
   FAILED  Tests\Feature\ExampleTest > the application returns a successful response                                    
  Expected response status code [200] but received 302.
Failed asserting that 302 is identical to 200.

  at tests\Feature\ExampleTest.php:17
     13Ôûò     public function test_the_application_returns_a_successful_response(): void
     14Ôûò     {
     15Ôûò         $response = $this->get('/');
     16Ôûò 
  Ô×£  17Ôûò         $response->assertStatus(200);
     18Ôûò     }
     19Ôûò }
     20Ôûò


  Tests:    5 failed, 22 passed (59 assertions)
  Duration: 4.80s

